I'm sorry, but errors were detected in your script. Please correct the
errors listed below, and try again.


File "game/splash.rpy", line 2: invalid syntax
    default nword = "Natchos Bell Grande"
                 ^
    

Ren'Py Version: Ren'Py 6.99.12.4.2187
